// Jest Snapshot v1, https://goo.gl/fbAQLP

exports[`<AddCategory /> Page User LoggedIn should render <AddCategory/> correctly 1`] = `
<div>
  <div
    class="pages padding addCategoryPage__container"
  >
    <div>
      <div>
        AddCategoryForm
      </div>
      <div>
        UserCategories
      </div>
    </div>
  </div>
</div>
`;
